// Jest Snapshot v1, https://goo.gl/fbAQLP

exports[`Context Context.run Should clear context after callback run 1`] = `Object {}`;

exports[`Context createContext Should return all methods 1`] = `
Object {
  "bind": [Function],
  "run": [Function],
  "use": [Function],
}
`;
